Archive member included because of file (symbol)

c:/winavr-20100110/bin/../lib/gcc/avr/4.3.3/avr6\libgcc.a(_mulsi3.o)
                              build/StopWatch.o (__mulsi3)
c:/winavr-20100110/bin/../lib/gcc/avr/4.3.3/avr6\libgcc.a(_divmodhi4.o)
                              build/Tracer.o (__divmodhi4)
c:/winavr-20100110/bin/../lib/gcc/avr/4.3.3/avr6\libgcc.a(_udivmodsi4.o)
                              build/uart.o (__udivmodsi4)
c:/winavr-20100110/bin/../lib/gcc/avr/4.3.3/avr6\libgcc.a(_exit.o)
                              c:/winavr-20100110/bin/../lib/gcc/avr/4.3.3/../../../../avr/lib/avr6/crtm2560.o (exit)
c:/winavr-20100110/bin/../lib/gcc/avr/4.3.3/avr6\libgcc.a(_clear_bss.o)
                              build/queue9.o (__do_clear_bss)
c:/winavr-20100110/bin/../lib/gcc/avr/4.3.3/avr6\libgcc.a(_udivmodhi4.o)
                              c:/winavr-20100110/bin/../lib/gcc/avr/4.3.3/avr6\libgcc.a(_divmodhi4.o) (__udivmodhi4)
c:/winavr-20100110/bin/../lib/gcc/avr/4.3.3/../../../../avr/lib/avr6\libc.a(memcpy.o)
                              build/atomqueue.o (memcpy)
c:/winavr-20100110/bin/../lib/gcc/avr/4.3.3/../../../../avr/lib/avr6\libc.a(itoa.o)
                              build/SerialManager.o (itoa)
c:/winavr-20100110/bin/../lib/gcc/avr/4.3.3/../../../../avr/lib/avr6\libc.a(ltoa.o)
                              build/SerialManager.o (ltoa)
c:/winavr-20100110/bin/../lib/gcc/avr/4.3.3/../../../../avr/lib/avr6\libc.a(ultoa.o)
                              build/SerialManager.o (ultoa)
c:/winavr-20100110/bin/../lib/gcc/avr/4.3.3/../../../../avr/lib/avr6\libc.a(iob.o)
                              build/tests-main.o (__iob)
c:/winavr-20100110/bin/../lib/gcc/avr/4.3.3/../../../../avr/lib/avr6\libc.a(printf_p.o)
                              build/queue9.o (printf_P)
c:/winavr-20100110/bin/../lib/gcc/avr/4.3.3/../../../../avr/lib/avr6\libc.a(vfprintf_std.o)
                              c:/winavr-20100110/bin/../lib/gcc/avr/4.3.3/../../../../avr/lib/avr6\libc.a(printf_p.o) (vfprintf)
c:/winavr-20100110/bin/../lib/gcc/avr/4.3.3/../../../../avr/lib/avr6\libc.a(strnlen_P.o)
                              c:/winavr-20100110/bin/../lib/gcc/avr/4.3.3/../../../../avr/lib/avr6\libc.a(vfprintf_std.o) (strnlen_P)
c:/winavr-20100110/bin/../lib/gcc/avr/4.3.3/../../../../avr/lib/avr6\libc.a(strnlen.o)
                              c:/winavr-20100110/bin/../lib/gcc/avr/4.3.3/../../../../avr/lib/avr6\libc.a(vfprintf_std.o) (strnlen)
c:/winavr-20100110/bin/../lib/gcc/avr/4.3.3/../../../../avr/lib/avr6\libc.a(strrev.o)
                              c:/winavr-20100110/bin/../lib/gcc/avr/4.3.3/../../../../avr/lib/avr6\libc.a(itoa.o) (strrev)
c:/winavr-20100110/bin/../lib/gcc/avr/4.3.3/../../../../avr/lib/avr6\libc.a(fputc.o)
                              c:/winavr-20100110/bin/../lib/gcc/avr/4.3.3/../../../../avr/lib/avr6\libc.a(vfprintf_std.o) (fputc)
c:/winavr-20100110/bin/../lib/gcc/avr/4.3.3/../../../../avr/lib/avr6\libc.a(ultoa_invert.o)
                              c:/winavr-20100110/bin/../lib/gcc/avr/4.3.3/../../../../avr/lib/avr6\libc.a(vfprintf_std.o) (__ultoa_invert)

Allocating common symbols
Common symbol       size              file

EventNumbers        0x2               build/atomkernel.o
EventIndex          0x2               build/atomkernel.o
EventBuffer         0x898             build/atomkernel.o
OldTask             0x2               build/Tracer.o
ResumedTask         0x2               build/atomkernel.o
TaskBuffer          0x28              build/atomkernel.o
NewTask             0x2               build/Tracer.o
__iob               0x6               c:/winavr-20100110/bin/../lib/gcc/avr/4.3.3/../../../../avr/lib/avr6\libc.a(iob.o)

Memory Configuration

Name             Origin             Length             Attributes
text             0x00000000         0x00100000         xr
data             0x00800200         0x0000fe00         rw !x
eeprom           0x00810000         0x00010000         rw !x
fuse             0x00820000         0x00000400         rw !x
lock             0x00830000         0x00000400         rw !x
signature        0x00840000         0x00000400         rw !x
*default*        0x00000000         0xffffffff

Linker script and memory map

Address of section .data set to 0x800200
LOAD c:/winavr-20100110/bin/../lib/gcc/avr/4.3.3/../../../../avr/lib/avr6/crtm2560.o
LOAD build/queue9.o
LOAD build/atomport.o
LOAD build/uart.o
LOAD build/tests-main.o
LOAD build/TracerPort.o
LOAD build/StopWatch.o
LOAD build/SerialPort.o
LOAD build/atomport-asm.o
LOAD build/atomkernel.o
LOAD build/atomsem.o
LOAD build/atommutex.o
LOAD build/atomtimer.o
LOAD build/atomqueue.o
LOAD build/Tracer.o
LOAD build/SerialManager.o
LOAD c:/winavr-20100110/bin/../lib/gcc/avr/4.3.3/avr6\libgcc.a
LOAD c:/winavr-20100110/bin/../lib/gcc/avr/4.3.3/../../../../avr/lib/avr6\libc.a
LOAD c:/winavr-20100110/bin/../lib/gcc/avr/4.3.3/avr6\libgcc.a

.hash
 *(.hash)

.dynsym
 *(.dynsym)

.dynstr
 *(.dynstr)

.gnu.version
 *(.gnu.version)

.gnu.version_d
 *(.gnu.version_d)

.gnu.version_r
 *(.gnu.version_r)

.rel.init
 *(.rel.init)

.rela.init
 *(.rela.init)

.rel.text
 *(.rel.text)
 *(.rel.text.*)
 *(.rel.gnu.linkonce.t*)

.rela.text
 *(.rela.text)
 *(.rela.text.*)
 *(.rela.gnu.linkonce.t*)

.rel.fini
 *(.rel.fini)

.rela.fini
 *(.rela.fini)

.rel.rodata
 *(.rel.rodata)
 *(.rel.rodata.*)
 *(.rel.gnu.linkonce.r*)

.rela.rodata
 *(.rela.rodata)
 *(.rela.rodata.*)
 *(.rela.gnu.linkonce.r*)

.rel.data
 *(.rel.data)
 *(.rel.data.*)
 *(.rel.gnu.linkonce.d*)

.rela.data
 *(.rela.data)
 *(.rela.data.*)
 *(.rela.gnu.linkonce.d*)

.rel.ctors
 *(.rel.ctors)

.rela.ctors
 *(.rela.ctors)

.rel.dtors
 *(.rel.dtors)

.rela.dtors
 *(.rela.dtors)

.rel.got
 *(.rel.got)

.rela.got
 *(.rela.got)

.rel.bss
 *(.rel.bss)

.rela.bss
 *(.rela.bss)

.rel.plt
 *(.rel.plt)

.rela.plt
 *(.rela.plt)

.text           0x00000000     0x2686
 *(.vectors)
 .vectors       0x00000000       0xe4 c:/winavr-20100110/bin/../lib/gcc/avr/4.3.3/../../../../avr/lib/avr6/crtm2560.o
                0x00000000                __vectors
 *(.vectors)
 *(.progmem.gcc*)
 *(.progmem*)
 .progmem.data  0x000000e4       0xcc build/queue9.o
 .progmem.data  0x000001b0        0xa build/tests-main.o
                0x000001ba                . = ALIGN (0x2)
                0x000001ba                __trampolines_start = .
 *(.trampolines)
 .trampolines   0x000001ba        0x0 linker stubs
 *(.trampolines*)
                0x000001ba                __trampolines_end = .
 *(.jumptables)
 *(.jumptables*)
 *(.lowtext)
 *(.lowtext*)
                0x000001ba                __ctors_start = .
 *(.ctors)
                0x000001ba                __ctors_end = .
                0x000001ba                __dtors_start = .
 *(.dtors)
                0x000001ba                __dtors_end = .
 SORT(*)(.ctors)
 SORT(*)(.dtors)
 *(.init0)
 .init0         0x000001ba        0x0 c:/winavr-20100110/bin/../lib/gcc/avr/4.3.3/../../../../avr/lib/avr6/crtm2560.o
                0x000001ba                __init
 *(.init0)
 *(.init1)
 *(.init1)
 *(.init2)
 .init2         0x000001ba       0x10 c:/winavr-20100110/bin/../lib/gcc/avr/4.3.3/../../../../avr/lib/avr6/crtm2560.o
 *(.init2)
 *(.init3)
 *(.init3)
 *(.init4)
 .init4         0x000001ca       0x1a c:/winavr-20100110/bin/../lib/gcc/avr/4.3.3/../../../../avr/lib/avr6/crtm2560.o
                0x000001ca                __do_copy_data
 .init4         0x000001e4       0x10 c:/winavr-20100110/bin/../lib/gcc/avr/4.3.3/avr6\libgcc.a(_clear_bss.o)
                0x000001e4                __do_clear_bss
 *(.init4)
 *(.init5)
 *(.init5)
 *(.init6)
 *(.init6)
 *(.init7)
 *(.init7)
 *(.init8)
 *(.init8)
 *(.init9)
 .init9         0x000001f4        0x8 c:/winavr-20100110/bin/../lib/gcc/avr/4.3.3/../../../../avr/lib/avr6/crtm2560.o
 *(.init9)
 *(.text)
 .text          0x000001fc        0x4 c:/winavr-20100110/bin/../lib/gcc/avr/4.3.3/../../../../avr/lib/avr6/crtm2560.o
                0x000001fc                __vector_38
                0x000001fc                __vector_22
                0x000001fc                __vector_28
                0x000001fc                __vector_1
                0x000001fc                __vector_32
                0x000001fc                __vector_34
                0x000001fc                __vector_24
                0x000001fc                __vector_12
                0x000001fc                __vector_55
                0x000001fc                __vector_46
                0x000001fc                __bad_interrupt
                0x000001fc                __vector_6
                0x000001fc                __vector_31
                0x000001fc                __vector_39
                0x000001fc                __vector_3
                0x000001fc                __vector_23
                0x000001fc                __vector_30
                0x000001fc                __vector_45
                0x000001fc                __vector_25
                0x000001fc                __vector_11
                0x000001fc                __vector_54
                0x000001fc                __vector_13
                0x000001fc                __vector_19
                0x000001fc                __vector_56
                0x000001fc                __vector_7
                0x000001fc                __vector_49
                0x000001fc                __vector_41
                0x000001fc                __vector_43
                0x000001fc                __vector_27
                0x000001fc                __vector_5
                0x000001fc                __vector_33
                0x000001fc                __vector_47
                0x000001fc                __vector_52
                0x000001fc                __vector_37
                0x000001fc                __vector_4
                0x000001fc                __vector_44
                0x000001fc                __vector_51
                0x000001fc                __vector_9
                0x000001fc                __vector_2
                0x000001fc                __vector_21
                0x000001fc                __vector_15
                0x000001fc                __vector_36
                0x000001fc                __vector_29
                0x000001fc                __vector_40
                0x000001fc                __vector_8
                0x000001fc                __vector_26
                0x000001fc                __vector_48
                0x000001fc                __vector_14
                0x000001fc                __vector_53
                0x000001fc                __vector_10
                0x000001fc                __vector_50
                0x000001fc                __vector_16
                0x000001fc                __vector_18
                0x000001fc                __vector_20
                0x000001fc                __vector_42
 .text          0x00000200      0x3d8 build/queue9.o
                0x00000200                test_start
 .text          0x000005d8       0xea build/atomport.o
                0x00000616                avrInitSystemTickTimer
                0x000005d8                archThreadContextInit
                0x00000644                __vector_17
                0x00000630                __vector_default
 .text          0x000006c2       0x8e build/uart.o
                0x0000070c                uart_init
                0x000006c2                uart_putchar
 .text          0x00000750       0xc2 build/tests-main.o
                0x00000750                main
 .text          0x00000812        0x0 build/TracerPort.o
 .text          0x00000812       0xb6 build/StopWatch.o
                0x00000812                __vector_35
                0x0000087a                GetTime
                0x00000864                InitWatch
 .text          0x000008c8       0x26 build/SerialPort.o
                0x000008c8                USART_Init
                0x000008de                USART_Transmit
 .text          0x000008ee       0xac build/atomport-asm.o
                0x00000960                archFirstThreadRestore
                0x000008ee                archContextSwitch
 .text          0x0000099a      0x3fc build/atomkernel.o
                0x00000c4c                atomIntExit
                0x00000c66                atomThreadCreate
                0x0000099a                atomIntEnter
                0x00000d3e                atomOSInit
                0x00000a92                tcbDequeueEntry
                0x00000b5a                atomOSStart
                0x00000b14                tcbDequeuePriority
                0x000009ce                tcbEnqueuePriority
                0x00000bd2                atomSched
                0x000009ae                atomCurrentContext
                0x00000a56                tcbDequeueHead
 .text          0x00000d96      0x280 build/atomsem.o
                0x00000d96                atomSemCreate
                0x00000e40                atomSemDelete
                0x00000daa                atomSemResetCount
                0x00000dba                atomSemPut
                0x00000ecc                atomSemGet
 .text          0x00001016      0x2e6 build/atommutex.o
                0x000012e0                atomMutexCreate
                0x00001198                atomMutexGet
                0x00001016                atomMutexDelete
                0x000010a2                atomMutexPut
 .text          0x000012fc      0x22e build/atomtimer.o
                0x0000146e                atomTimerDelay
                0x000012fc                atomTimerRegister
                0x00001346                atomTimerCancel
                0x000013c4                atomTimerTick
                0x000013b2                atomTimeSet
                0x000013a0                atomTimeGet
 .text          0x0000152a      0x5de build/atomqueue.o
                0x000018ec                atomQueueGet
                0x000016aa                atomQueuePut
                0x0000152a                atomQueueCreate
                0x00001a5e                atomQueueDelete
 .text          0x00001b08      0x228 build/Tracer.o
                0x00001b08                TaskCreated
                0x00001b36                RecordEvent
                0x00001c32                MutexCreated
                0x00001d16                TaskArrived
                0x00001c78                TaskPreempted
                0x00001c20                MutexDeleted
                0x00001c44                TaskCompleted
                0x00001c5e                TaskResumed
                0x00001c06                MutexGetted
                0x00001bec                MutexPutted
 .text          0x00001d30      0x1ca build/SerialManager.o
                0x00001d50                uart_print
                0x00001d30                SendString
 .text          0x00001efa        0x0 c:/winavr-20100110/bin/../lib/gcc/avr/4.3.3/avr6\libgcc.a(_mulsi3.o)
 .text          0x00001efa        0x0 c:/winavr-20100110/bin/../lib/gcc/avr/4.3.3/avr6\libgcc.a(_divmodhi4.o)
 .text          0x00001efa        0x0 c:/winavr-20100110/bin/../lib/gcc/avr/4.3.3/avr6\libgcc.a(_udivmodsi4.o)
 .text          0x00001efa        0x0 c:/winavr-20100110/bin/../lib/gcc/avr/4.3.3/avr6\libgcc.a(_exit.o)
 .text          0x00001efa        0x0 c:/winavr-20100110/bin/../lib/gcc/avr/4.3.3/avr6\libgcc.a(_clear_bss.o)
 .text          0x00001efa        0x0 c:/winavr-20100110/bin/../lib/gcc/avr/4.3.3/avr6\libgcc.a(_udivmodhi4.o)
 .text          0x00001efa        0x0 c:/winavr-20100110/bin/../lib/gcc/avr/4.3.3/../../../../avr/lib/avr6\libc.a(memcpy.o)
 .text          0x00001efa        0x0 c:/winavr-20100110/bin/../lib/gcc/avr/4.3.3/../../../../avr/lib/avr6\libc.a(itoa.o)
 .text          0x00001efa        0x0 c:/winavr-20100110/bin/../lib/gcc/avr/4.3.3/../../../../avr/lib/avr6\libc.a(ltoa.o)
 .text          0x00001efa        0x0 c:/winavr-20100110/bin/../lib/gcc/avr/4.3.3/../../../../avr/lib/avr6\libc.a(ultoa.o)
 .text          0x00001efa        0x0 c:/winavr-20100110/bin/../lib/gcc/avr/4.3.3/../../../../avr/lib/avr6\libc.a(iob.o)
 .text          0x00001efa        0x0 c:/winavr-20100110/bin/../lib/gcc/avr/4.3.3/../../../../avr/lib/avr6\libc.a(printf_p.o)
 .text          0x00001efa        0x0 c:/winavr-20100110/bin/../lib/gcc/avr/4.3.3/../../../../avr/lib/avr6\libc.a(vfprintf_std.o)
 .text          0x00001efa        0x0 c:/winavr-20100110/bin/../lib/gcc/avr/4.3.3/../../../../avr/lib/avr6\libc.a(strnlen_P.o)
 .text          0x00001efa        0x0 c:/winavr-20100110/bin/../lib/gcc/avr/4.3.3/../../../../avr/lib/avr6\libc.a(strnlen.o)
 .text          0x00001efa        0x0 c:/winavr-20100110/bin/../lib/gcc/avr/4.3.3/../../../../avr/lib/avr6\libc.a(strrev.o)
 .text          0x00001efa        0x0 c:/winavr-20100110/bin/../lib/gcc/avr/4.3.3/../../../../avr/lib/avr6\libc.a(fputc.o)
 .text          0x00001efa        0x0 c:/winavr-20100110/bin/../lib/gcc/avr/4.3.3/../../../../avr/lib/avr6\libc.a(ultoa_invert.o)
                0x00001efa                . = ALIGN (0x2)
 *(.text.*)
 .text.libgcc   0x00001efa       0x3e c:/winavr-20100110/bin/../lib/gcc/avr/4.3.3/avr6\libgcc.a(_mulsi3.o)
                0x00001efa                __mulsi3
 .text.libgcc   0x00001f38       0x26 c:/winavr-20100110/bin/../lib/gcc/avr/4.3.3/avr6\libgcc.a(_divmodhi4.o)
                0x00001f38                __divmodhi4
                0x00001f38                _div
 .text.libgcc   0x00001f5e       0x44 c:/winavr-20100110/bin/../lib/gcc/avr/4.3.3/avr6\libgcc.a(_udivmodsi4.o)
                0x00001f5e                __udivmodsi4
 .text.libgcc   0x00001fa2        0x0 c:/winavr-20100110/bin/../lib/gcc/avr/4.3.3/avr6\libgcc.a(_exit.o)
 .text.libgcc   0x00001fa2        0x0 c:/winavr-20100110/bin/../lib/gcc/avr/4.3.3/avr6\libgcc.a(_clear_bss.o)
 .text.libgcc   0x00001fa2       0x28 c:/winavr-20100110/bin/../lib/gcc/avr/4.3.3/avr6\libgcc.a(_udivmodhi4.o)
                0x00001fa2                __udivmodhi4
 .text.avr-libc
                0x00001fca       0x12 c:/winavr-20100110/bin/../lib/gcc/avr/4.3.3/../../../../avr/lib/avr6\libc.a(memcpy.o)
                0x00001fca                memcpy
 .text.avr-libc
                0x00001fdc       0x42 c:/winavr-20100110/bin/../lib/gcc/avr/4.3.3/../../../../avr/lib/avr6\libc.a(itoa.o)
                0x00001fdc                itoa
 .text.avr-libc
                0x0000201e       0x68 c:/winavr-20100110/bin/../lib/gcc/avr/4.3.3/../../../../avr/lib/avr6\libc.a(ltoa.o)
                0x0000201e                ltoa
 .text.avr-libc
                0x00002086       0x4a c:/winavr-20100110/bin/../lib/gcc/avr/4.3.3/../../../../avr/lib/avr6\libc.a(ultoa.o)
                0x00002086                ultoa
 .text.avr-libc
                0x000020d0       0x46 c:/winavr-20100110/bin/../lib/gcc/avr/4.3.3/../../../../avr/lib/avr6\libc.a(printf_p.o)
                0x000020d0                printf_P
 .text.avr-libc
                0x00002116      0x40c c:/winavr-20100110/bin/../lib/gcc/avr/4.3.3/../../../../avr/lib/avr6\libc.a(vfprintf_std.o)
                0x00002116                vfprintf
 .text.avr-libc
                0x00002522       0x16 c:/winavr-20100110/bin/../lib/gcc/avr/4.3.3/../../../../avr/lib/avr6\libc.a(strnlen_P.o)
                0x00002522                strnlen_P
 .text.avr-libc
                0x00002538       0x16 c:/winavr-20100110/bin/../lib/gcc/avr/4.3.3/../../../../avr/lib/avr6\libc.a(strnlen.o)
                0x00002538                strnlen
 .text.avr-libc
                0x0000254e       0x20 c:/winavr-20100110/bin/../lib/gcc/avr/4.3.3/../../../../avr/lib/avr6\libc.a(strrev.o)
                0x0000254e                strrev
 .text.avr-libc
                0x0000256e       0x58 c:/winavr-20100110/bin/../lib/gcc/avr/4.3.3/../../../../avr/lib/avr6\libc.a(fputc.o)
                0x0000256e                fputc
 .text.avr-libc
                0x000025c6       0xbc c:/winavr-20100110/bin/../lib/gcc/avr/4.3.3/../../../../avr/lib/avr6\libc.a(ultoa_invert.o)
                0x000025c6                __ultoa_invert
                0x00002682                . = ALIGN (0x2)
 *(.fini9)
 .fini9         0x00002682        0x0 c:/winavr-20100110/bin/../lib/gcc/avr/4.3.3/avr6\libgcc.a(_exit.o)
                0x00002682                exit
                0x00002682                _exit
 *(.fini9)
 *(.fini8)
 *(.fini8)
 *(.fini7)
 *(.fini7)
 *(.fini6)
 *(.fini6)
 *(.fini5)
 *(.fini5)
 *(.fini4)
 *(.fini4)
 *(.fini3)
 *(.fini3)
 *(.fini2)
 *(.fini2)
 *(.fini1)
 *(.fini1)
 *(.fini0)
 .fini0         0x00002682        0x4 c:/winavr-20100110/bin/../lib/gcc/avr/4.3.3/avr6\libgcc.a(_exit.o)
 *(.fini0)
                0x00002686                _etext = .

.data           0x00800200        0xe load address 0x00002686
                0x00800200                PROVIDE (__data_start, .)
 *(.data)
 .data          0x00800200        0x0 c:/winavr-20100110/bin/../lib/gcc/avr/4.3.3/../../../../avr/lib/avr6/crtm2560.o
 .data          0x00800200        0x0 build/queue9.o
 .data          0x00800200        0x0 build/atomport.o
 .data          0x00800200        0x0 build/uart.o
 .data          0x00800200        0xe build/tests-main.o
 .data          0x0080020e        0x0 build/TracerPort.o
 .data          0x0080020e        0x0 build/StopWatch.o
 .data          0x0080020e        0x0 build/SerialPort.o
 .data          0x0080020e        0x0 build/atomport-asm.o
 .data          0x0080020e        0x0 build/atomkernel.o
 .data          0x0080020e        0x0 build/atomsem.o
 .data          0x0080020e        0x0 build/atommutex.o
 .data          0x0080020e        0x0 build/atomtimer.o
 .data          0x0080020e        0x0 build/atomqueue.o
 .data          0x0080020e        0x0 build/Tracer.o
 .data          0x0080020e        0x0 build/SerialManager.o
 .data          0x0080020e        0x0 c:/winavr-20100110/bin/../lib/gcc/avr/4.3.3/avr6\libgcc.a(_mulsi3.o)
 .data          0x0080020e        0x0 c:/winavr-20100110/bin/../lib/gcc/avr/4.3.3/avr6\libgcc.a(_divmodhi4.o)
 .data          0x0080020e        0x0 c:/winavr-20100110/bin/../lib/gcc/avr/4.3.3/avr6\libgcc.a(_udivmodsi4.o)
 .data          0x0080020e        0x0 c:/winavr-20100110/bin/../lib/gcc/avr/4.3.3/avr6\libgcc.a(_exit.o)
 .data          0x0080020e        0x0 c:/winavr-20100110/bin/../lib/gcc/avr/4.3.3/avr6\libgcc.a(_clear_bss.o)
 .data          0x0080020e        0x0 c:/winavr-20100110/bin/../lib/gcc/avr/4.3.3/avr6\libgcc.a(_udivmodhi4.o)
 .data          0x0080020e        0x0 c:/winavr-20100110/bin/../lib/gcc/avr/4.3.3/../../../../avr/lib/avr6\libc.a(memcpy.o)
 .data          0x0080020e        0x0 c:/winavr-20100110/bin/../lib/gcc/avr/4.3.3/../../../../avr/lib/avr6\libc.a(itoa.o)
 .data          0x0080020e        0x0 c:/winavr-20100110/bin/../lib/gcc/avr/4.3.3/../../../../avr/lib/avr6\libc.a(ltoa.o)
 .data          0x0080020e        0x0 c:/winavr-20100110/bin/../lib/gcc/avr/4.3.3/../../../../avr/lib/avr6\libc.a(ultoa.o)
 .data          0x0080020e        0x0 c:/winavr-20100110/bin/../lib/gcc/avr/4.3.3/../../../../avr/lib/avr6\libc.a(iob.o)
 .data          0x0080020e        0x0 c:/winavr-20100110/bin/../lib/gcc/avr/4.3.3/../../../../avr/lib/avr6\libc.a(printf_p.o)
 .data          0x0080020e        0x0 c:/winavr-20100110/bin/../lib/gcc/avr/4.3.3/../../../../avr/lib/avr6\libc.a(vfprintf_std.o)
 .data          0x0080020e        0x0 c:/winavr-20100110/bin/../lib/gcc/avr/4.3.3/../../../../avr/lib/avr6\libc.a(strnlen_P.o)
 .data          0x0080020e        0x0 c:/winavr-20100110/bin/../lib/gcc/avr/4.3.3/../../../../avr/lib/avr6\libc.a(strnlen.o)
 .data          0x0080020e        0x0 c:/winavr-20100110/bin/../lib/gcc/avr/4.3.3/../../../../avr/lib/avr6\libc.a(strrev.o)
 .data          0x0080020e        0x0 c:/winavr-20100110/bin/../lib/gcc/avr/4.3.3/../../../../avr/lib/avr6\libc.a(fputc.o)
 .data          0x0080020e        0x0 c:/winavr-20100110/bin/../lib/gcc/avr/4.3.3/../../../../avr/lib/avr6\libc.a(ultoa_invert.o)
 *(.data*)
 *(.rodata)
 *(.rodata*)
 *(.gnu.linkonce.d*)
                0x0080020e                . = ALIGN (0x2)
                0x0080020e                _edata = .
                0x0080020e                PROVIDE (__data_end, .)

.bss            0x0080020e      0xcbb
                0x0080020e                PROVIDE (__bss_start, .)
 *(.bss)
 .bss           0x0080020e        0x0 c:/winavr-20100110/bin/../lib/gcc/avr/4.3.3/../../../../avr/lib/avr6/crtm2560.o
 .bss           0x0080020e      0x267 build/queue9.o
 .bss           0x00800475        0x0 build/atomport.o
 .bss           0x00800475        0x5 build/uart.o
 .bss           0x0080047a      0x15d build/tests-main.o
 .bss           0x008005d7        0x0 build/TracerPort.o
 .bss           0x008005d7        0x4 build/StopWatch.o
 .bss           0x008005db        0x0 build/SerialPort.o
 .bss           0x008005db        0x0 build/atomport-asm.o
 .bss           0x008005db       0x18 build/atomkernel.o
                0x008005db                tcbReadyQ
                0x008005dd                atomOSStarted
 .bss           0x008005f3        0x0 build/atomsem.o
 .bss           0x008005f3        0x0 build/atommutex.o
 .bss           0x008005f3        0x6 build/atomtimer.o
 .bss           0x008005f9        0x0 build/atomqueue.o
 .bss           0x008005f9        0x0 build/Tracer.o
 .bss           0x008005f9        0x0 build/SerialManager.o
 .bss           0x008005f9        0x0 c:/winavr-20100110/bin/../lib/gcc/avr/4.3.3/avr6\libgcc.a(_mulsi3.o)
 .bss           0x008005f9        0x0 c:/winavr-20100110/bin/../lib/gcc/avr/4.3.3/avr6\libgcc.a(_divmodhi4.o)
 .bss           0x008005f9        0x0 c:/winavr-20100110/bin/../lib/gcc/avr/4.3.3/avr6\libgcc.a(_udivmodsi4.o)
 .bss           0x008005f9        0x0 c:/winavr-20100110/bin/../lib/gcc/avr/4.3.3/avr6\libgcc.a(_exit.o)
 .bss           0x008005f9        0x0 c:/winavr-20100110/bin/../lib/gcc/avr/4.3.3/avr6\libgcc.a(_clear_bss.o)
 .bss           0x008005f9        0x0 c:/winavr-20100110/bin/../lib/gcc/avr/4.3.3/avr6\libgcc.a(_udivmodhi4.o)
 .bss           0x008005f9        0x0 c:/winavr-20100110/bin/../lib/gcc/avr/4.3.3/../../../../avr/lib/avr6\libc.a(memcpy.o)
 .bss           0x008005f9        0x0 c:/winavr-20100110/bin/../lib/gcc/avr/4.3.3/../../../../avr/lib/avr6\libc.a(itoa.o)
 .bss           0x008005f9        0x0 c:/winavr-20100110/bin/../lib/gcc/avr/4.3.3/../../../../avr/lib/avr6\libc.a(ltoa.o)
 .bss           0x008005f9        0x0 c:/winavr-20100110/bin/../lib/gcc/avr/4.3.3/../../../../avr/lib/avr6\libc.a(ultoa.o)
 .bss           0x008005f9        0x0 c:/winavr-20100110/bin/../lib/gcc/avr/4.3.3/../../../../avr/lib/avr6\libc.a(iob.o)
 .bss           0x008005f9        0x0 c:/winavr-20100110/bin/../lib/gcc/avr/4.3.3/../../../../avr/lib/avr6\libc.a(printf_p.o)
 .bss           0x008005f9        0x0 c:/winavr-20100110/bin/../lib/gcc/avr/4.3.3/../../../../avr/lib/avr6\libc.a(vfprintf_std.o)
 .bss           0x008005f9        0x0 c:/winavr-20100110/bin/../lib/gcc/avr/4.3.3/../../../../avr/lib/avr6\libc.a(strnlen_P.o)
 .bss           0x008005f9        0x0 c:/winavr-20100110/bin/../lib/gcc/avr/4.3.3/../../../../avr/lib/avr6\libc.a(strnlen.o)
 .bss           0x008005f9        0x0 c:/winavr-20100110/bin/../lib/gcc/avr/4.3.3/../../../../avr/lib/avr6\libc.a(strrev.o)
 .bss           0x008005f9        0x0 c:/winavr-20100110/bin/../lib/gcc/avr/4.3.3/../../../../avr/lib/avr6\libc.a(fputc.o)
 .bss           0x008005f9        0x0 c:/winavr-20100110/bin/../lib/gcc/avr/4.3.3/../../../../avr/lib/avr6\libc.a(ultoa_invert.o)
 *(.bss*)
 *(COMMON)
 COMMON         0x008005f9      0x8c6 build/atomkernel.o
                0x008005f9                EventNumbers
                0x008005fb                EventIndex
                0x008005fd                EventBuffer
                0x00800e95                ResumedTask
                0x00800e97                TaskBuffer
 COMMON         0x00800ebf        0x4 build/Tracer.o
                0x00800ebf                OldTask
                0x00800ec1                NewTask
 COMMON         0x00800ec3        0x6 c:/winavr-20100110/bin/../lib/gcc/avr/4.3.3/../../../../avr/lib/avr6\libc.a(iob.o)
                0x00800ec3                __iob
                0x00800ec9                PROVIDE (__bss_end, .)
                0x00002686                __data_load_start = LOADADDR (.data)
                0x00002694                __data_load_end = (__data_load_start + SIZEOF (.data))

.noinit         0x00800ec9        0x0
                0x00800ec9                PROVIDE (__noinit_start, .)
 *(.noinit*)
                0x00800ec9                PROVIDE (__noinit_end, .)
                0x00800ec9                _end = .
                0x00800ec9                PROVIDE (__heap_start, .)

.eeprom         0x00810000        0x0
 *(.eeprom*)
                0x00810000                __eeprom_end = .

.fuse
 *(.fuse)
 *(.lfuse)
 *(.hfuse)
 *(.efuse)

.lock
 *(.lock*)

.signature
 *(.signature*)

.stab
 *(.stab)

.stabstr
 *(.stabstr)

.stab.excl
 *(.stab.excl)

.stab.exclstr
 *(.stab.exclstr)

.stab.index
 *(.stab.index)

.stab.indexstr
 *(.stab.indexstr)

.comment
 *(.comment)

.debug
 *(.debug)

.line
 *(.line)

.debug_srcinfo
 *(.debug_srcinfo)

.debug_sfnames
 *(.debug_sfnames)

.debug_aranges  0x00000000      0x1a0
 *(.debug_aranges)
 .debug_aranges
                0x00000000       0x20 build/queue9.o
 .debug_aranges
                0x00000020       0x20 build/atomport.o
 .debug_aranges
                0x00000040       0x20 build/uart.o
 .debug_aranges
                0x00000060       0x20 build/tests-main.o
 .debug_aranges
                0x00000080       0x20 build/StopWatch.o
 .debug_aranges
                0x000000a0       0x20 build/SerialPort.o
 .debug_aranges
                0x000000c0       0x20 build/atomkernel.o
 .debug_aranges
                0x000000e0       0x20 build/atomsem.o
 .debug_aranges
                0x00000100       0x20 build/atommutex.o
 .debug_aranges
                0x00000120       0x20 build/atomtimer.o
 .debug_aranges
                0x00000140       0x20 build/atomqueue.o
 .debug_aranges
                0x00000160       0x20 build/Tracer.o
 .debug_aranges
                0x00000180       0x20 build/SerialManager.o

.debug_pubnames
                0x00000000      0x5da
 *(.debug_pubnames)
 .debug_pubnames
                0x00000000       0x21 build/queue9.o
 .debug_pubnames
                0x00000021       0x6c build/atomport.o
 .debug_pubnames
                0x0000008d       0x31 build/uart.o
 .debug_pubnames
                0x000000be       0x1b build/tests-main.o
 .debug_pubnames
                0x000000d9       0x3c build/StopWatch.o
 .debug_pubnames
                0x00000115       0x34 build/SerialPort.o
 .debug_pubnames
                0x00000149      0x150 build/atomkernel.o
 .debug_pubnames
                0x00000299       0x6a build/atomsem.o
 .debug_pubnames
                0x00000303       0xab build/atommutex.o
 .debug_pubnames
                0x000003ae       0x81 build/atomtimer.o
 .debug_pubnames
                0x0000042f       0x5c build/atomqueue.o
 .debug_pubnames
                0x0000048b      0x11f build/Tracer.o
 .debug_pubnames
                0x000005aa       0x30 build/SerialManager.o

.debug_info     0x00000000     0x31ec
 *(.debug_info)
 .debug_info    0x00000000      0x501 build/queue9.o
 .debug_info    0x00000501      0x281 build/atomport.o
 .debug_info    0x00000782      0x333 build/uart.o
 .debug_info    0x00000ab5      0x3a3 build/tests-main.o
 .debug_info    0x00000e58        0x0 build/TracerPort.o
 .debug_info    0x00000e58       0xd5 build/StopWatch.o
 .debug_info    0x00000f2d       0xaa build/SerialPort.o
 .debug_info    0x00000fd7      0x73c build/atomkernel.o
 .debug_info    0x00001713      0x461 build/atomsem.o
 .debug_info    0x00001b74      0x57c build/atommutex.o
 .debug_info    0x000020f0      0x43d build/atomtimer.o
 .debug_info    0x0000252d      0x5b7 build/atomqueue.o
 .debug_info    0x00002ae4      0x523 build/Tracer.o
 .debug_info    0x00003007      0x1e5 build/SerialManager.o
 *(.gnu.linkonce.wi.*)

.debug_abbrev   0x00000000      0xeeb
 *(.debug_abbrev)
 .debug_abbrev  0x00000000      0x124 build/queue9.o
 .debug_abbrev  0x00000124       0xf9 build/atomport.o
 .debug_abbrev  0x0000021d      0x10b build/uart.o
 .debug_abbrev  0x00000328      0x15c build/tests-main.o
 .debug_abbrev  0x00000484        0x1 build/TracerPort.o
 .debug_abbrev  0x00000485       0xa1 build/StopWatch.o
 .debug_abbrev  0x00000526       0x65 build/SerialPort.o
 .debug_abbrev  0x0000058b      0x1cb build/atomkernel.o
 .debug_abbrev  0x00000756      0x14e build/atomsem.o
 .debug_abbrev  0x000008a4      0x167 build/atommutex.o
 .debug_abbrev  0x00000a0b      0x1b3 build/atomtimer.o
 .debug_abbrev  0x00000bbe      0x147 build/atomqueue.o
 .debug_abbrev  0x00000d05      0x108 build/Tracer.o
 .debug_abbrev  0x00000e0d       0xde build/SerialManager.o

.debug_line     0x00000000     0x2136
 *(.debug_line)
 .debug_line    0x00000000      0x2c3 build/queue9.o
 .debug_line    0x000002c3      0x210 build/atomport.o
 .debug_line    0x000004d3      0x12b build/uart.o
 .debug_line    0x000005fe      0x140 build/tests-main.o
 .debug_line    0x0000073e       0x24 build/TracerPort.o
 .debug_line    0x00000762       0xe6 build/StopWatch.o
 .debug_line    0x00000848       0x9e build/SerialPort.o
 .debug_line    0x000008e6      0x4a0 build/atomkernel.o
 .debug_line    0x00000d86      0x378 build/atomsem.o
 .debug_line    0x000010fe      0x3e0 build/atommutex.o
 .debug_line    0x000014de      0x2ab build/atomtimer.o
 .debug_line    0x00001789      0x54f build/atomqueue.o
 .debug_line    0x00001cd8      0x27c build/Tracer.o
 .debug_line    0x00001f54      0x1e2 build/SerialManager.o

.debug_frame    0x00000000      0x4f0
 *(.debug_frame)
 .debug_frame   0x00000000       0x30 build/queue9.o
 .debug_frame   0x00000030       0x60 build/atomport.o
 .debug_frame   0x00000090       0x30 build/uart.o
 .debug_frame   0x000000c0       0x30 build/tests-main.o
 .debug_frame   0x000000f0       0x40 build/StopWatch.o
 .debug_frame   0x00000130       0x30 build/SerialPort.o
 .debug_frame   0x00000160       0xe0 build/atomkernel.o
 .debug_frame   0x00000240       0x70 build/atomsem.o
 .debug_frame   0x000002b0       0x60 build/atommutex.o
 .debug_frame   0x00000310       0x80 build/atomtimer.o
 .debug_frame   0x00000390       0x80 build/atomqueue.o
 .debug_frame   0x00000410       0xb0 build/Tracer.o
 .debug_frame   0x000004c0       0x30 build/SerialManager.o

.debug_str      0x00000000      0xab8
 *(.debug_str)
 .debug_str     0x00000000      0x24d build/queue9.o
                                0x299 (size before relaxing)
 .debug_str     0x0000024d       0x7f build/atomport.o
                                0x1fc (size before relaxing)
 .debug_str     0x000002cc       0x6e build/uart.o
                                0x200 (size before relaxing)
 .debug_str     0x0000033a       0x7a build/tests-main.o
                                0x225 (size before relaxing)
 .debug_str     0x000003b4       0x48 build/StopWatch.o
                                 0xe5 (size before relaxing)
 .debug_str     0x000003fc       0x2c build/SerialPort.o
                                 0xce (size before relaxing)
 .debug_str     0x00000428      0x2d5 build/atomkernel.o
                                0x4a9 (size before relaxing)
 .debug_str     0x000006fd       0xe0 build/atomsem.o
                                0x299 (size before relaxing)
 .debug_str     0x000007dd       0x8c build/atommutex.o
                                0x3d7 (size before relaxing)
 .debug_str     0x00000869       0xde build/atomtimer.o
                                0x2c7 (size before relaxing)
 .debug_str     0x00000947       0xa8 build/atomqueue.o
                                0x30b (size before relaxing)
 .debug_str     0x000009ef       0x5b build/Tracer.o
                                0x382 (size before relaxing)
 .debug_str     0x00000a4a       0x6e build/SerialManager.o
                                 0xd9 (size before relaxing)

.debug_loc      0x00000000     0x226f
 *(.debug_loc)
 .debug_loc     0x00000000      0x140 build/queue9.o
 .debug_loc     0x00000140       0x88 build/atomport.o
 .debug_loc     0x000001c8       0xa2 build/uart.o
 .debug_loc     0x0000026a       0x1e build/tests-main.o
 .debug_loc     0x00000288       0x18 build/StopWatch.o
 .debug_loc     0x000002a0       0x36 build/SerialPort.o
 .debug_loc     0x000002d6      0x6b6 build/atomkernel.o
 .debug_loc     0x0000098c      0x4c1 build/atomsem.o
 .debug_loc     0x00000e4d      0x3ab build/atommutex.o
 .debug_loc     0x000011f8      0x2d3 build/atomtimer.o
 .debug_loc     0x000014cb      0x863 build/atomqueue.o
 .debug_loc     0x00001d2e      0x339 build/Tracer.o
 .debug_loc     0x00002067      0x208 build/SerialManager.o

.debug_macinfo
 *(.debug_macinfo)
OUTPUT(build/queue9.elf elf32-avr)
LOAD linker stubs

.debug_ranges   0x00000000       0x18
 .debug_ranges  0x00000000       0x18 build/SerialManager.o
